0 verbose cli /usr/local/bin/node /usr/local/lib/node_modules/npm/bin/npm-cli.js
1 info using npm@11.17.0
2 info using node@v26.5.1
3 silly config load:file:/usr/local/lib/node_modules/npm/npmrc
4 silly config load:file:/opt/data/.npmrc
5 silly config load:file:/opt/data/home/.npmrc
6 silly config load:file:/usr/local/etc/npmrc
7 verbose title npm exec agent-browser@^0.26.0 --cdp wss://***.cdp.browser-use.com/devtools/browser/*** --json close
8 verbose argv "exec" "--ignore-scripts" "--prefer-offline" "--yes" "--" "agent-browser@^0.26.0" "--cdp" "wss://***.cdp.browser-use.com/devtools/browser/***" "--json" "close"
9 verbose logfile logs-max:10 dir:/opt/data/home/.npm/_logs/2026-08-16T15_54_54_045Z-
10 verbose logfile /opt/data/home/.npm/_logs/2026-08-16T15_54_54_045Z-debug-0.log
11 silly logfile done cleaning log files
12 silly packumentCache heap:2059927552 maxSize:514981888 maxEntrySize:257490944
13 http fetch GET 200 https://registry.npmjs.org/agent-browser 135ms (cache miss)
14 silly packumentCache heap:2059927552 maxSize:514981888 maxEntrySize:257490944
15 http fetch GET 200 https://registry.npmjs.org/npm 311ms
16 silly packumentCache heap:2059927552 maxSize:514981888 maxEntrySize:257490944
17 silly idealTree buildDeps
18 silly fetch manifest agent-browser@0.26.0
19 silly packumentCache full:https://registry.npmjs.org/agent-browser cache-miss
20 http fetch GET 200 https://registry.npmjs.org/agent-browser 236ms (cache miss)
21 silly packumentCache full:https://registry.npmjs.org/agent-browser set size:undefined disposed:false
22 silly placeDep ROOT agent-browser@0.26.0 OK for:  want: 0.26.0
23 silly reify moves {}
24 silly audit bulk request { 'agent-browser': [ '0.26.0' ] }
25 http cache agent-browser@https://registry.npmjs.org/agent-browser/-/agent-browser-0.26.0.tgz 0ms (cache hit)
26 silly tarball no local data for agent-browser@https://registry.npmjs.org/agent-browser/-/agent-browser-0.26.0.tgz. Extracting by manifest.
27 http fetch POST 200 https://registry.npmjs.org/-/npm/v1/security/advisories/bulk 299ms
28 silly audit report {}
29 http fetch GET 200 https://registry.npmjs.org/agent-browser/-/agent-browser-0.26.0.tgz 5078ms (cache miss)
